img_4926.jpg
img_4911.jpg
img_4852.jpg
img_4977.jpg
img_4909.jpg
img_4890.jpg
img_4961.jpg
img_4966.jpg
img_4873.jpg
img_4934.jpg
img_4858.jpg
img_4851.jpg
img_4953.jpg
img_4935.jpg
img_4978.jpg
img_4881.jpg
img_4949.jpg
img_4928.jpg
img_4912.jpg
img_4929.jpg
img_4965.jpg
img_4946.jpg
img_4976.jpg
img_4967.jpg
img_4871.jpg
img_4908.jpg
img_4937.jpg
img_4910.jpg
img_4951.jpg
img_4939.jpg
img_4915.jpg
img_4925.jpg
img_4940.jpg
img_4853.jpg
img_4880.jpg
img_4969.jpg
img_4918.jpg
img_4930.jpg
img_4885.jpg
img_4955.jpg
img_4933.jpg
img_4854.jpg
img_4964.jpg
img_4883.jpg
img_4970.jpg
img_4950.jpg